// Jest Snapshot v1, https://goo.gl/fbAQLP

exports[`<Hello /> should render 1`] = `
<div>
  Hello!
</div>
`;
