// Jest Snapshot v1, https://goo.gl/fbAQLP

exports[`<Ping /> should render 1`] = `
<div>
  <h3>
    Ping!
  </h3>
  <button
    className="button"
    onClick={[Function]}
  >
    Ping
  </button>
  <p>
    Pongs received: 
    0
  </p>
</div>
`;
